ASxxxx Linker V03.00/V05.40 + sdld,  page 1.
Hexadecimal  [32-Bits]

Area                                    Addr        Size        Decimal Bytes (Attributes)
--------------------------------        ----        ----        ------- ----- ------------
CABS                                00000000    00000000 =           0. bytes (ABS,CON,CODE)

      Value  Global                              Global Defined In Module
      -----  --------------------------------   ------------------------
C:   00000000  _PPIN_NEO                       
C:   00000000  l_BIT_BANK                      
C:   00000000  l_BSEG                          
C:   00000000  l_BSEG_BYTES                    
C:   00000000  l_CABS                          
C:   00000000  l_CONST                         
C:   00000000  l_GSINIT1                       
C:   00000000  l_GSINIT3                       
C:   00000000  l_GSINIT5                       
C:   00000000  l_IABS                          
C:   00000000  l_ISEG                          
C:   00000000  l_PSEG                          
C:   00000000  l_REG_BANK_1                    
C:   00000000  l_REG_BANK_2                    
C:   00000000  l_REG_BANK_3                    
C:   00000000  l_RSEG                          
C:   00000000  l_RSEG0                         
C:   00000000  l_RSEG1                         
C:   00000000  l_XABS                          
C:   00000000  l_XINIT                         
C:   00000000  l_XISEG                         
C:   00000000  l_XSEG                          
C:   00000000  l__CODE                         
C:   00000000  s_BSEG                          
C:   00000000  s_CABS                          
C:   00000000  s_DSEG                          
C:   00000000  s_HOME                          
C:   00000000  s_IABS                          
C:   00000000  s_ISEG                          
C:   00000000  s_REG_BANK_0                    
C:   00000000  s_RSEG                          
C:   00000000  s_RSEG0                         
C:   00000000  s_RSEG1                         
C:   00000000  s_XABS                          
C:   00000002  l_OSEG                          
C:   00000003  l_GSFINAL                       
C:   00000003  l_GSINIT0                       
C:   00000006  l_GSINIT4                       
C:   00000006  l_HOME                          
C:   00000006  s_GSINIT0                       
C:   00000008  l_REG_BANK_0                    
C:   00000008  s_REG_BANK_1                    
C:   00000009  s_GSINIT1                       
C:   00000009  s_GSINIT2                       
C:   0000000A  l_GSINIT2                       
C:   0000000B  l_GSINIT                        
C:   00000010  s_REG_BANK_2                    
C:   00000011  s_OSEG                          
C:   00000013  s_GSINIT3                       
C:   00000013  s_GSINIT4                       
ASxxxx Linker V03.00/V05.40 + sdld,  page 2.
Hexadecimal  [32-Bits]

Area                                    Addr        Size        Decimal Bytes (Attributes)
--------------------------------        ----        ----        ------- ----- ------------
CABS                                00000000    00000000 =           0. bytes (ABS,CON,CODE)

      Value  Global                              Global Defined In Module
      -----  --------------------------------   ------------------------
C:   00000013  s_SSEG                          
C:   00000018  s_BIT_BANK                      
C:   00000018  s_REG_BANK_3                    
C:   00000019  s_GSINIT                        
C:   00000019  s_GSINIT5                       
C:   00000020  s_BSEG_BYTES                    
C:   00000020  s__CODE                         
C:   00000024  s_GSFINAL                       
C:   00000027  s_CSEG                          
C:   00000080  l_DSEG                          
C:   000000ED  l_SSEG                          
C:   00000100  l_IRAM                          
C:   00000100  s_PSEG                          
C:   00000100  s_XISEG                         
C:   00000100  s_XSEG                          
C:   000003D3  l_CSEG                          
C:   000003FA  s_CONST                         
C:   000003FA  s_XINIT                         

ASxxxx Linker V03.00/V05.40 + sdld,  page 3.
Hexadecimal  [32-Bits]

Area                                    Addr        Size        Decimal Bytes (Attributes)
--------------------------------        ----        ----        ------- ----- ------------
.  .ABS.                            00000000    00000000 =           0. bytes (ABS,CON)

      Value  Global                              Global Defined In Module
      -----  --------------------------------   ------------------------
     00000000  .__.ABS.                           _startup
     00000080  _ADC_CHAN0                         delay
     00000080  _ADC_CTRL                          delay
     00000081  _ADC_CHAN1                         delay
     00000081  _SP                                delay
     00000082  _DPL                               delay
     00000083  _CMP_CHAN                          delay
     00000083  _DPH                               delay
     00000084  _ADC_START                         delay
     00000084  _ROM_ADDR_L                        delay
     00000085  _ADC_IF                            delay
     00000085  _ROM_ADDR_H                        delay
     00000086  _CMP_IF                            delay
     00000086  _ROM_CTRL                          delay
     00000087  _CMPO                              delay
     00000087  _PCON                              delay
     00000088  _IT0                               delay
     00000088  _TCON                              delay
     00000089  _IE0                               delay
     00000089  _TMOD                              delay
     0000008A  _IT1                               delay
     0000008A  _TL0                               delay
     0000008B  _IE1                               delay
     0000008B  _TL1                               delay
     0000008C  _TH0                               delay
     0000008C  _TR0                               delay
     0000008D  _TF0                               delay
     0000008D  _TH1                               delay
     0000008E  _ROM_DATA_L                        delay
     0000008E  _TR1                               delay
     0000008F  _ROM_DATA_H                        delay
     0000008F  _TF1                               delay
     00000090  _CAP1                              delay
     00000090  _P1                                delay
     00000090  _PP10                              neo
     00000090  _T2                                delay
     00000090  _TIN0                              delay
     00000091  _AIN0                              delay
     00000091  _CAP2                              delay
     00000091  _PP11                              neo
     00000091  _T2EX                              delay
     00000091  _TIN1                              delay
     00000091  _USB_C_CTRL                        delay
     00000091  _VBUS2                             delay
     00000092  _P1_MOD_OC                         delay
     00000092  _PP12                              neo
     00000092  _RXD_                              delay
     00000093  _P1_DIR_PU                         delay
     00000093  _PP13                              neo
     00000093  _TXD_                              delay
ASxxxx Linker V03.00/V05.40 + sdld,  page 4.
Hexadecimal  [32-Bits]

Area                                    Addr        Size        Decimal Bytes (Attributes)
--------------------------------        ----        ----        ------- ----- ------------
.  .ABS.                            00000000    00000000 =           0. bytes (ABS,CON)

      Value  Global                              Global Defined In Module
      -----  --------------------------------   ------------------------
     00000094  _AIN1                              delay
     00000094  _CAP1_                             delay
     00000094  _PP14                              neo
     00000094  _SCS                               delay
     00000094  _T2_                               delay
     00000094  _TIN2                              delay
     00000094  _UCC1                              delay
     00000095  _AIN2                              delay
     00000095  _MOSI                              delay
     00000095  _PP15                              neo
     00000095  _PWM1                              delay
     00000095  _TIN3                              delay
     00000095  _UCC2                              delay
     00000096  _MISO                              delay
     00000096  _P3_MOD_OC                         delay
     00000096  _PP16                              neo
     00000096  _RXD1                              delay
     00000096  _TIN4                              delay
     00000097  _P3_DIR_PU                         delay
     00000097  _PP17                              neo
     00000097  _SCK                               delay
     00000097  _TIN5                              delay
     00000097  _TXD1                              delay
     00000098  _RI                                delay
     00000098  _SCON                              delay
     00000099  _SBUF                              delay
     00000099  _TI                                delay
     0000009A  _ADC_CFG                           delay
     0000009A  _RB8                               delay
     0000009B  _PWM_DATA2                         delay
     0000009B  _TB8                               delay
     0000009C  _PWM_DATA1                         delay
     0000009C  _REN                               delay
     0000009D  _PWM_CTRL                          delay
     0000009D  _SM2                               delay
     0000009E  _PWM_CK_SE                         delay
     0000009E  _SM1                               delay
     0000009F  _ADC_DATA                          delay
     0000009F  _SM0                               delay
     000000A0  _P2                                delay
     000000A1  _SAFE_MOD                          delay
     000000A2  _XBUS_AUX                          delay
     000000A8  _EX0                               delay
     000000A8  _IE                                delay
     000000A9  _ET0                               delay
     000000A9  _WAKE_CTRL                         delay
     000000AA  _EX1                               delay
     000000AB  _ET1                               delay
     000000AC  _ES                                delay
     000000AD  _ET2                               delay
     000000AE  _E_DIS                             delay
ASxxxx Linker V03.00/V05.40 + sdld,  page 5.
Hexadecimal  [32-Bits]

Area                                    Addr        Size        Decimal Bytes (Attributes)
--------------------------------        ----        ----        ------- ----- ------------
.  .ABS.                            00000000    00000000 =           0. bytes (ABS,CON)

      Value  Global                              Global Defined In Module
      -----  --------------------------------   ------------------------
     000000AF  _EA                                delay
     000000B0  _P3                                delay
     000000B0  _PP30                              neo
     000000B0  _PWM1_                             delay
     000000B0  _RXD                               delay
     000000B1  _GLOBAL_CFG                        delay
     000000B1  _PP31                              neo
     000000B1  _PWM2_                             delay
     000000B1  _TXD                               delay
     000000B2  _AIN3                              delay
     000000B2  _INT0                              delay
     000000B2  _PP32                              neo
     000000B2  _TXD1_                             delay
     000000B2  _VBUS1                             delay
     000000B3  _INT1                              delay
     000000B3  _PP33                              neo
     000000B4  _PP34                              neo
     000000B4  _PWM2                              delay
     000000B4  _RXD1_                             delay
     000000B4  _T0                                delay
     000000B5  _PP35                              neo
     000000B5  _T1                                delay
     000000B6  _PP36                              neo
     000000B6  _UDP                               delay
     000000B7  _PP37                              neo
     000000B7  _UDM                               delay
     000000B8  _IP                                delay
     000000B8  _PX0                               delay
     000000B9  _CLOCK_CFG                         delay
     000000B9  _PT0                               delay
     000000BA  _PX1                               delay
     000000BB  _PT1                               delay
     000000BC  _PS                                delay
     000000BD  _PT2                               delay
     000000BE  _PL_FLAG                           delay
     000000BF  _PH_FLAG                           delay
     000000C0  _SCON1                             delay
     000000C0  _U1RI                              delay
     000000C1  _SBUF1                             delay
     000000C1  _U1TI                              delay
     000000C2  _SBAUD1                            delay
     000000C2  _U1RB8                             delay
     000000C3  _TKEY_CTRL                         delay
     000000C3  _U1TB8                             delay
     000000C4  _TKEY_DATL                         delay
     000000C4  _U1REN                             delay
     000000C5  _TKEY_DATH                         delay
     000000C5  _U1SMOD                            delay
     000000C6  _PIN_FUNC                          delay
     000000C7  _GPIO_IE                           delay
     000000C7  _U1SM0                             delay
ASxxxx Linker V03.00/V05.40 + sdld,  page 6.
Hexadecimal  [32-Bits]

Area                                    Addr        Size        Decimal Bytes (Attributes)
--------------------------------        ----        ----        ------- ----- ------------
.  .ABS.                            00000000    00000000 =           0. bytes (ABS,CON)

      Value  Global                              Global Defined In Module
      -----  --------------------------------   ------------------------
     000000C8  _CP_RL2                            delay
     000000C8  _T2CON                             delay
     000000C9  _C_T2                              delay
     000000C9  _T2MOD                             delay
     000000CA  _RCAP2L                            delay
     000000CA  _TR2                               delay
     000000CB  _EXEN2                             delay
     000000CB  _RCAP2H                            delay
     000000CC  _TCLK                              delay
     000000CC  _TL2                               delay
     000000CD  _RCLK                              delay
     000000CD  _TH2                               delay
     000000CE  _EXF2                              delay
     000000CE  _T2CAP1L                           delay
     000000CF  _CAP1F                             delay
     000000CF  _T2CAP1H                           delay
     000000CF  _TF2                               delay
     000000D0  _P                                 delay
     000000D0  _PSW                               delay
     000000D1  _F1                                delay
     000000D1  _UDEV_CTRL                         delay
     000000D2  _OV                                delay
     000000D2  _UEP1_CTRL                         delay
     000000D3  _RS0                               delay
     000000D3  _UEP1_T_LEN                        delay
     000000D4  _RS1                               delay
     000000D4  _UEP2_CTRL                         delay
     000000D5  _F0                                delay
     000000D5  _UEP2_T_LEN                        delay
     000000D6  _AC                                delay
     000000D6  _UEP3_CTRL                         delay
     000000D7  _CY                                delay
     000000D7  _UEP3_T_LEN                        delay
     000000D8  _UIF_BUS_RST                       delay
     000000D8  _UIF_DETECT                        delay
     000000D8  _USB_INT_FG                        delay
     000000D9  _UIF_TRANSFER                      delay
     000000D9  _USB_INT_ST                        delay
     000000DA  _UIF_SUSPEND                       delay
     000000DA  _USB_MIS_ST                        delay
     000000DB  _UIF_HST_SOF                       delay
     000000DB  _USB_RX_LEN                        delay
     000000DC  _UEP0_CTRL                         delay
     000000DC  _UIF_FIFO_OV                       delay
     000000DD  _UEP0_T_LEN                        delay
     000000DD  _U_SIE_FREE                        delay
     000000DE  _UEP4_CTRL                         delay
     000000DE  _U_TOG_OK                          delay
     000000DF  _UEP4_T_LEN                        delay
     000000DF  _U_IS_NAK                          delay
     000000E0  _ACC                               delay
ASxxxx Linker V03.00/V05.40 + sdld,  page 7.
Hexadecimal  [32-Bits]

Area                                    Addr        Size        Decimal Bytes (Attributes)
--------------------------------        ----        ----        ------- ----- ------------
.  .ABS.                            00000000    00000000 =           0. bytes (ABS,CON)

      Value  Global                              Global Defined In Module
      -----  --------------------------------   ------------------------
     000000E1  _USB_INT_EN                        delay
     000000E2  _USB_CTRL                          delay
     000000E3  _USB_DEV_AD                        delay
     000000E4  _UEP2_DMA_L                        delay
     000000E5  _UEP2_DMA_H                        delay
     000000E6  _UEP3_DMA_L                        delay
     000000E7  _UEP3_DMA_H                        delay
     000000E8  _IE_EX                             delay
     000000E8  _IE_SPI0                           delay
     000000E9  _IE_TKEY                           delay
     000000E9  _IP_EX                             delay
     000000EA  _IE_USB                            delay
     000000EA  _UEP4_1_MOD                        delay
     000000EB  _IE_ADC                            delay
     000000EB  _UEP2_3_MOD                        delay
     000000EC  _IE_UART1                          delay
     000000EC  _UEP0_DMA_L                        delay
     000000ED  _IE_PWMX                           delay
     000000ED  _UEP0_DMA_H                        delay
     000000EE  _IE_GPIO                           delay
     000000EE  _UEP1_DMA_L                        delay
     000000EF  _IE_WDOG                           delay
     000000EF  _UEP1_DMA_H                        delay
     000000F0  _B                                 delay
     000000F8  _S0_R_FIFO                         delay
     000000F8  _SPI0_STAT                         delay
     000000F9  _SPI0_DATA                         delay
     000000FA  _S0_T_FIFO                         delay
     000000FA  _SPI0_CTRL                         delay
     000000FB  _S0_FREE                           delay
     000000FB  _SPI0_CK_SE                        delay
     000000FC  _S0_IF_BYTE                        delay
     000000FC  _SPI0_SETUP                        delay
     000000FD  _S0_IF_FIRST                       delay
     000000FE  _RESET_KEEP                        delay
     000000FE  _S0_IF_OV                          delay
     000000FF  _S0_FST_ACT                        delay
     000000FF  _WDOG_COUNT                        delay
     00008584  _ROM_ADDR                          delay
     00008F8E  _ROM_DATA                          delay
     0000C5C4  _TKEY_DAT                          delay
     0000CBCA  _RCAP2                             delay
     0000CDCC  _T2COUNT                           delay
     0000CFCE  _T2CAP1                            delay
     0000E5E4  _UEP2_DMA                          delay
     0000E7E6  _UEP3_DMA                          delay
     0000EDEC  _UEP0_DMA                          delay
     0000EFEE  _UEP1_DMA                          delay

ASxxxx Linker V03.00/V05.40 + sdld,  page 8.
Hexadecimal  [32-Bits]

Area                                    Addr        Size        Decimal Bytes (Attributes)
--------------------------------        ----        ----        ------- ----- ------------
REG_BANK_0                          00000000    00000008 =           8. bytes (REL,OVR)

      Value  Global                              Global Defined In Module
      -----  --------------------------------   ------------------------
ASxxxx Linker V03.00/V05.40 + sdld,  page 9.
Hexadecimal  [32-Bits]

Area                                    Addr        Size        Decimal Bytes (Attributes)
--------------------------------        ----        ----        ------- ----- ------------
DSEG                                00000000    00000080 =         128. bytes (REL,CON)

      Value  Global                              Global Defined In Module
      -----  --------------------------------   ------------------------
     0000000A  _NEO_writeColor_PARM_2             neo
     0000000B  _NEO_writeColor_PARM_3             neo
     0000000C  _NEO_writeHue_PARM_2               neo
ASxxxx Linker V03.00/V05.40 + sdld,  page 10.
Hexadecimal  [32-Bits]

Area                                    Addr        Size        Decimal Bytes (Attributes)
--------------------------------        ----        ----        ------- ----- ------------
OSEG                                00000011    00000002 =           2. bytes (REL,OVR)

      Value  Global                              Global Defined In Module
      -----  --------------------------------   ------------------------
     00000011  __modsint_PARM_2                   _moduint
     00000011  __moduint_PARM_2                   _moduint

ASxxxx Linker V03.00/V05.40 + sdld,  page 11.
Hexadecimal  [32-Bits]

Area                                    Addr        Size        Decimal Bytes (Attributes)
--------------------------------        ----        ----        ------- ----- ------------
SSEG                                00000013    000000ED =         237. bytes (REL,OVR)

      Value  Global                              Global Defined In Module
      -----  --------------------------------   ------------------------
     00000013  __start__stack                     main

ASxxxx Linker V03.00/V05.40 + sdld,  page 12.
Hexadecimal  [32-Bits]

Area                                    Addr        Size        Decimal Bytes (Attributes)
--------------------------------        ----        ----        ------- ----- ------------
HOME                                00000000    00000006 =           6. bytes (REL,CON,CODE)

      Value  Global                              Global Defined In Module
      -----  --------------------------------   ------------------------
C:   00000003  __sdcc_program_startup             main

ASxxxx Linker V03.00/V05.40 + sdld,  page 13.
Hexadecimal  [32-Bits]

Area                                    Addr        Size        Decimal Bytes (Attributes)
--------------------------------        ----        ----        ------- ----- ------------
GSINIT0                             00000006    00000003 =           3. bytes (REL,CON,CODE)

      Value  Global                              Global Defined In Module
      -----  --------------------------------   ------------------------
C:   00000006  __sdcc_gsinit_startup              

ASxxxx Linker V03.00/V05.40 + sdld,  page 14.
Hexadecimal  [32-Bits]

Area                                    Addr        Size        Decimal Bytes (Attributes)
--------------------------------        ----        ----        ------- ----- ------------
GSINIT2                             00000009    0000000A =          10. bytes (REL,CON,CODE)

      Value  Global                              Global Defined In Module
      -----  --------------------------------   ------------------------
ASxxxx Linker V03.00/V05.40 + sdld,  page 15.
Hexadecimal  [32-Bits]

Area                                    Addr        Size        Decimal Bytes (Attributes)
--------------------------------        ----        ----        ------- ----- ------------
GSINIT4                             00000013    00000006 =           6. bytes (REL,CON,CODE)

      Value  Global                              Global Defined In Module
      -----  --------------------------------   ------------------------
C:   00000013  __mcs51_genRAMCLEAR                

ASxxxx Linker V03.00/V05.40 + sdld,  page 16.
Hexadecimal  [32-Bits]

Area                                    Addr        Size        Decimal Bytes (Attributes)
--------------------------------        ----        ----        ------- ----- ------------
GSINIT                              00000019    0000000B =          11. bytes (REL,CON,CODE)

      Value  Global                              Global Defined In Module
      -----  --------------------------------   ------------------------
ASxxxx Linker V03.00/V05.40 + sdld,  page 17.
Hexadecimal  [32-Bits]

Area                                    Addr        Size        Decimal Bytes (Attributes)
--------------------------------        ----        ----        ------- ----- ------------
GSFINAL                             00000024    00000003 =           3. bytes (REL,CON,CODE)

      Value  Global                              Global Defined In Module
      -----  --------------------------------   ------------------------
ASxxxx Linker V03.00/V05.40 + sdld,  page 18.
Hexadecimal  [32-Bits]

Area                                    Addr        Size        Decimal Bytes (Attributes)
--------------------------------        ----        ----        ------- ----- ------------
CSEG                                00000027    000003D3 =         979. bytes (REL,CON,CODE)

      Value  Global                              Global Defined In Module
      -----  --------------------------------   ------------------------
C:   00000027  _randomColorSequence               main
C:   0000011B  _colorSequence                     main
C:   000001F4  _main                              main
C:   00000225  _NEO_sendByte                      neo
C:   0000023B  _NEO_writeColor                    neo
C:   00000252  _NEO_writeHue                      neo
C:   000002AC  _DLY_us                            delay
C:   000002CB  _DLY_ms                            delay
C:   000002E9  __delay_more_cycles                delay
C:   000002F3  _rand                              rand
C:   0000035F  _srand                             rand
C:   00000373  __moduint                          _moduint
C:   000003C0  __modsint                          _modsint
C:   000003F6  ___sdcc_external_startup           _startup

ASxxxx Linker V03.00/V05.40 + sdld,  page 19.

Files Linked                              [ module(s) ]

main.rel                                  [  ]
neo.rel                                   [  ]
delay.rel                                 [  ]


Libraries Linked                          [ object file ]

C:\Program Files\SDCC\bin\..\lib\small/libsdcc.lib
                                          [ rand.rel ]
C:\Program Files\SDCC\bin\..\lib\small/mcs51.lib
                                          [ crtclear.rel ]
C:\Program Files\SDCC\bin\..\lib\small/libint.lib
                                          [ _moduint.rel ]
C:\Program Files\SDCC\bin\..\lib\small/mcs51.lib
                                          [ crtstart.rel ]
C:\Program Files\SDCC\bin\..\lib\small/libint.lib
                                          [ _modsint.rel ]
C:\Program Files\SDCC\bin\..\lib\small/libsdcc.lib
                                          [ _startup.rel ]

ASxxxx Linker V03.00/V05.40 + sdld,  page 20.

User Base Address Definitions

HOME = 0x0000
XSEG = 0x0100
PSEG = 0x0100
ISEG = 0x0000
BSEG = 0x0000


?ASlink-Warning-Undefined Global '_PPIN_NEO' referenced by module 'neo'
